%!Adobe-FontList 1.20
%Locale:0x409

%BeginFont
Handler:DirectoryHandler
FontType:Type1
FontName:Gilroy-ExtraBold
FamilyName:Gilroy
StyleName:ExtraBold
MenuName:Gilroy ExtraBold
StyleBits:0
WeightClass:800
WidthClass:5
AngleClass:0
FullName:Gilroy ExtraBold
WritingScript:Roman
OutlineFileName:/Volumes/Server/• Resources/• DEV/Web Test/The Grove LCP/The-Grove-LCP/Document fonts/Gilroy-ExtraBold.otf
DataFormat:sfntData
UsesStandardEncoding:yes
isCFF:yes
hasSVG:no
VariableFontType:NonVariableFont
FileLength:54956
FileModTime:518663789
NameArray:0,Mac,4,Gilroy ExtraBold
NameArray:0,Win,1,Gilroy ExtraBold
NameArray:0,Win,16,Gilroy
%EndFont

%BeginFont
Handler:DirectoryHandler
FontType:Type1
FontName:MinionPro-Regular
FamilyName:Minion Pro
StyleName:Regular
MenuName:Minion Pro
StyleBits:0
WeightClass:400
WidthClass:5
AngleClass:0
FullName:Minion Pro
WritingScript:Roman
OutlineFileName:/Volumes/Server/• Resources/• DEV/Web Test/The Grove LCP/The-Grove-LCP/Document fonts/MinionPro-Regular.otf
DataFormat:sfntData
UsesStandardEncoding:yes
isCFF:yes
hasSVG:no
VariableFontType:NonVariableFont
FileLength:218640
FileModTime:566090065
DesignSize:110
NameArray:0,Mac,4,Minion Pro
NameArray:0,Win,1,Minion Pro
%EndFont

%BeginFont
Handler:DirectoryHandler
FontType:Type1
FontName:Gilroy-Bold
FamilyName:Gilroy
StyleName:Bold
MenuName:Gilroy Bold
StyleBits:0
WeightClass:700
WidthClass:5
AngleClass:0
FullName:Gilroy Bold
WritingScript:Roman
OutlineFileName:/Volumes/Server/• Resources/• DEV/Web Test/The Grove LCP/The-Grove-LCP/Document fonts/Radomir Tinkov - Gilroy-Bold.otf
DataFormat:sfntData
UsesStandardEncoding:yes
isCFF:yes
hasSVG:no
VariableFontType:NonVariableFont
FileLength:55376
FileModTime:522698074
NameArray:0,Mac,4,Gilroy Bold
NameArray:0,Win,1,Gilroy Bold
NameArray:0,Win,16,Gilroy
%EndFont

%BeginFont
Handler:DirectoryHandler
FontType:Type1
FontName:Gilroy-Regular
FamilyName:Gilroy
StyleName:Regular
MenuName:Gilroy
StyleBits:0
WeightClass:400
WidthClass:5
AngleClass:0
FullName:Gilroy
WritingScript:Roman
OutlineFileName:/Volumes/Server/• Resources/• DEV/Web Test/The Grove LCP/The-Grove-LCP/Document fonts/Radomir Tinkov - Gilroy-Regular.otf
DataFormat:sfntData
UsesStandardEncoding:yes
isCFF:yes
hasSVG:no
VariableFontType:NonVariableFont
FileLength:53840
FileModTime:522698074
NameArray:0,Mac,4,Gilroy
NameArray:0,Win,1,Gilroy
%EndFont

%BeginFont
Handler:DirectoryHandler
FontType:Type1
FontName:Gilroy-SemiBold
FamilyName:Gilroy
StyleName:SemiBold
MenuName:Gilroy SemiBold
StyleBits:0
WeightClass:600
WidthClass:5
AngleClass:0
FullName:Gilroy SemiBold
WritingScript:Roman
OutlineFileName:/Volumes/Server/• Resources/• DEV/Web Test/The Grove LCP/The-Grove-LCP/Document fonts/Radomir Tinkov - Gilroy-SemiBold.otf
DataFormat:sfntData
UsesStandardEncoding:yes
isCFF:yes
hasSVG:no
VariableFontType:NonVariableFont
FileLength:55212
FileModTime:522698074
NameArray:0,Mac,4,Gilroy SemiBold
NameArray:0,Win,1,Gilroy SemiBold
NameArray:0,Win,16,Gilroy
%EndFont

